C:/Users/user/STM32CubeIDE/workspace_1.16.0/STM32_LightTemp_Embedded/TouchGFX/App/app_touchgfx.c:58:6:MX_TouchGFX_PreOSInit	0	static
C:/Users/user/STM32CubeIDE/workspace_1.16.0/STM32_LightTemp_Embedded/TouchGFX/App/app_touchgfx.c:65:6:MX_TouchGFX_Init	8	static
C:/Users/user/STM32CubeIDE/workspace_1.16.0/STM32_LightTemp_Embedded/TouchGFX/App/app_touchgfx.c:75:6:MX_TouchGFX_Process	0	static
C:/Users/user/STM32CubeIDE/workspace_1.16.0/STM32_LightTemp_Embedded/TouchGFX/App/app_touchgfx.c:84:6:TouchGFX_Task	0	static
