../Application/User/BH1750.c:35:6:_Error_Handler	0	static
../Application/User/BH1750.c:42:19:BH1750_init_i2c	16	static
../Application/User/BH1750.c:63:19:BH1750_send_command	24	static
../Application/User/BH1750.c:82:18:BH1750_init_dev_struct	24	static
../Application/User/BH1750.c:111:19:BH1750_init_dev	8	static
../Application/User/BH1750.c:120:19:BH1750_read_dev	16	static
../Application/User/BH1750.c:132:19:BH1750_convert	8	static
../Application/User/BH1750.c:143:19:BH1750_get_lumen	8	static
../Application/User/BH1750.c:77:6:BH1750_poll_self	0	static
