C:/TouchGFXProjects/Final_Project/Core/Src/main.c:861:13:SPI5_Write	1
C:/TouchGFXProjects/Final_Project/Core/Src/main.c:1177:6:LedControl.part.0	1
C:/TouchGFXProjects/Final_Project/Core/Src/main.c:1186:6:FanControl.part.0	1
C:/TouchGFXProjects/Final_Project/Core/Src/main.c:281:6:SystemClock_Config	1
C:/TouchGFXProjects/Final_Project/Core/Src/main.c:186:5:main	1
C:/TouchGFXProjects/Final_Project/Core/Src/main.c:717:6:IOE_Init	1
C:/TouchGFXProjects/Final_Project/Core/Src/main.c:725:6:IOE_ITConfig	1
C:/TouchGFXProjects/Final_Project/Core/Src/main.c:736:6:IOE_Write	1
C:/TouchGFXProjects/Final_Project/Core/Src/main.c:746:9:IOE_Read	1
C:/TouchGFXProjects/Final_Project/Core/Src/main.c:758:10:IOE_ReadMultiple	1
C:/TouchGFXProjects/Final_Project/Core/Src/main.c:767:6:IOE_Delay	1
C:/TouchGFXProjects/Final_Project/Core/Src/main.c:883:6:LCD_IO_Init	1
C:/TouchGFXProjects/Final_Project/Core/Src/main.c:892:6:LCD_IO_WriteData	1
C:/TouchGFXProjects/Final_Project/Core/Src/main.c:907:6:LCD_IO_WriteReg	1
C:/TouchGFXProjects/Final_Project/Core/Src/main.c:925:10:LCD_IO_ReadData	1
C:/TouchGFXProjects/Final_Project/Core/Src/main.c:951:6:LCD_Delay	1
C:/TouchGFXProjects/Final_Project/Core/Src/main.c:965:6:Delay_us	2
C:/TouchGFXProjects/Final_Project/Core/Src/main.c:970:6:GPIO_SetState	1
C:/TouchGFXProjects/Final_Project/Core/Src/main.c:980:6:OneWire_Reset	1
C:/TouchGFXProjects/Final_Project/Core/Src/main.c:988:6:OneWire_Write	3
C:/TouchGFXProjects/Final_Project/Core/Src/main.c:1007:9:OneWire_Read	3
C:/TouchGFXProjects/Final_Project/Core/Src/main.c:1027:7:ds18b20_read	3
C:/TouchGFXProjects/Final_Project/Core/Src/main.c:1076:15:BH1750_Reset	1
C:/TouchGFXProjects/Final_Project/Core/Src/main.c:1084:15:BH1750_SetMtreg	3
C:/TouchGFXProjects/Final_Project/Core/Src/main.c:1111:15:BH1750_Init	2
C:/TouchGFXProjects/Final_Project/Core/Src/main.c:1120:15:BH1750_PowerState	1
C:/TouchGFXProjects/Final_Project/Core/Src/main.c:1130:15:BH1750_SetMode	3
C:/TouchGFXProjects/Final_Project/Core/Src/main.c:1145:15:BH1750_TriggerManualConversion	1
C:/TouchGFXProjects/Final_Project/Core/Src/main.c:1152:15:BH1750_ReadLight	5
C:/TouchGFXProjects/Final_Project/Core/Src/main.c:1177:6:LedControl	2
C:/TouchGFXProjects/Final_Project/Core/Src/main.c:1186:6:FanControl	2
C:/TouchGFXProjects/Final_Project/Core/Src/main.c:1195:6:StartDefaultTask	7
C:/TouchGFXProjects/Final_Project/Core/Src/main.c:1233:6:HAL_TIM_PeriodElapsedCallback	2
C:/TouchGFXProjects/Final_Project/Core/Src/main.c:1249:6:Error_Handler	1
