C:/TouchGFXProjects/Final_Project/Core/Src/main.c:861:13:SPI5_Write	16	static
C:/TouchGFXProjects/Final_Project/Core/Src/main.c:1177:6:LedControl.part.0	8	static
C:/TouchGFXProjects/Final_Project/Core/Src/main.c:1186:6:FanControl.part.0	8	static
C:/TouchGFXProjects/Final_Project/Core/Src/main.c:281:6:SystemClock_Config	96	static
C:/TouchGFXProjects/Final_Project/Core/Src/main.c:186:5:main	112	static
C:/TouchGFXProjects/Final_Project/Core/Src/main.c:717:6:IOE_Init	0	static
C:/TouchGFXProjects/Final_Project/Core/Src/main.c:725:6:IOE_ITConfig	0	static
C:/TouchGFXProjects/Final_Project/Core/Src/main.c:736:6:IOE_Write	32	static
C:/TouchGFXProjects/Final_Project/Core/Src/main.c:746:9:IOE_Read	32	static
C:/TouchGFXProjects/Final_Project/Core/Src/main.c:758:10:IOE_ReadMultiple	24	static
C:/TouchGFXProjects/Final_Project/Core/Src/main.c:767:6:IOE_Delay	0	static
C:/TouchGFXProjects/Final_Project/Core/Src/main.c:883:6:LCD_IO_Init	8	static
C:/TouchGFXProjects/Final_Project/Core/Src/main.c:892:6:LCD_IO_WriteData	16	static
C:/TouchGFXProjects/Final_Project/Core/Src/main.c:907:6:LCD_IO_WriteReg	16	static
C:/TouchGFXProjects/Final_Project/Core/Src/main.c:925:10:LCD_IO_ReadData	32	static
C:/TouchGFXProjects/Final_Project/Core/Src/main.c:951:6:LCD_Delay	0	static
C:/TouchGFXProjects/Final_Project/Core/Src/main.c:965:6:Delay_us	0	static
C:/TouchGFXProjects/Final_Project/Core/Src/main.c:970:6:GPIO_SetState	32	static
C:/TouchGFXProjects/Final_Project/Core/Src/main.c:980:6:OneWire_Reset	8	static
C:/TouchGFXProjects/Final_Project/Core/Src/main.c:988:6:OneWire_Write	16	static
C:/TouchGFXProjects/Final_Project/Core/Src/main.c:1007:9:OneWire_Read	16	static
C:/TouchGFXProjects/Final_Project/Core/Src/main.c:1027:7:ds18b20_read	24	static
C:/TouchGFXProjects/Final_Project/Core/Src/main.c:1076:15:BH1750_Reset	24	static
C:/TouchGFXProjects/Final_Project/Core/Src/main.c:1084:15:BH1750_SetMtreg	32	static
C:/TouchGFXProjects/Final_Project/Core/Src/main.c:1111:15:BH1750_Init	8	static
C:/TouchGFXProjects/Final_Project/Core/Src/main.c:1120:15:BH1750_PowerState	24	static
C:/TouchGFXProjects/Final_Project/Core/Src/main.c:1130:15:BH1750_SetMode	24	static
C:/TouchGFXProjects/Final_Project/Core/Src/main.c:1145:15:BH1750_TriggerManualConversion	8	static
C:/TouchGFXProjects/Final_Project/Core/Src/main.c:1152:15:BH1750_ReadLight	24	static
C:/TouchGFXProjects/Final_Project/Core/Src/main.c:1177:6:LedControl	8	static
C:/TouchGFXProjects/Final_Project/Core/Src/main.c:1186:6:FanControl	8	static
C:/TouchGFXProjects/Final_Project/Core/Src/main.c:1195:6:StartDefaultTask	16	static
C:/TouchGFXProjects/Final_Project/Core/Src/main.c:1233:6:HAL_TIM_PeriodElapsedCallback	0	static
C:/TouchGFXProjects/Final_Project/Core/Src/main.c:1249:6:Error_Handler	0	static
