C:/TouchGFXProjects/Final_Project/Core/Src/main.c:854:13:SPI5_Write	16	static
C:/TouchGFXProjects/Final_Project/Core/Src/main.c:1170:6:LedControl.part.0	8	static
C:/TouchGFXProjects/Final_Project/Core/Src/main.c:1179:6:FanControl.part.0	8	static
C:/TouchGFXProjects/Final_Project/Core/Src/main.c:281:6:SystemClock_Config	96	static
C:/TouchGFXProjects/Final_Project/Core/Src/main.c:186:5:main	112	static
C:/TouchGFXProjects/Final_Project/Core/Src/main.c:710:6:IOE_Init	0	static
C:/TouchGFXProjects/Final_Project/Core/Src/main.c:718:6:IOE_ITConfig	0	static
C:/TouchGFXProjects/Final_Project/Core/Src/main.c:729:6:IOE_Write	32	static
C:/TouchGFXProjects/Final_Project/Core/Src/main.c:739:9:IOE_Read	32	static
C:/TouchGFXProjects/Final_Project/Core/Src/main.c:751:10:IOE_ReadMultiple	24	static
C:/TouchGFXProjects/Final_Project/Core/Src/main.c:760:6:IOE_Delay	0	static
C:/TouchGFXProjects/Final_Project/Core/Src/main.c:876:6:LCD_IO_Init	8	static
C:/TouchGFXProjects/Final_Project/Core/Src/main.c:885:6:LCD_IO_WriteData	16	static
C:/TouchGFXProjects/Final_Project/Core/Src/main.c:900:6:LCD_IO_WriteReg	16	static
C:/TouchGFXProjects/Final_Project/Core/Src/main.c:918:10:LCD_IO_ReadData	32	static
C:/TouchGFXProjects/Final_Project/Core/Src/main.c:944:6:LCD_Delay	0	static
C:/TouchGFXProjects/Final_Project/Core/Src/main.c:958:6:Delay_us	0	static
C:/TouchGFXProjects/Final_Project/Core/Src/main.c:963:6:GPIO_SetState	32	static
C:/TouchGFXProjects/Final_Project/Core/Src/main.c:973:6:OneWire_Reset	8	static
C:/TouchGFXProjects/Final_Project/Core/Src/main.c:981:6:OneWire_Write	16	static
C:/TouchGFXProjects/Final_Project/Core/Src/main.c:1000:9:OneWire_Read	16	static
C:/TouchGFXProjects/Final_Project/Core/Src/main.c:1020:7:ds18b20_read	24	static
C:/TouchGFXProjects/Final_Project/Core/Src/main.c:1069:15:BH1750_Reset	24	static
C:/TouchGFXProjects/Final_Project/Core/Src/main.c:1077:15:BH1750_SetMtreg	32	static
C:/TouchGFXProjects/Final_Project/Core/Src/main.c:1104:15:BH1750_Init	8	static
C:/TouchGFXProjects/Final_Project/Core/Src/main.c:1113:15:BH1750_PowerState	24	static
C:/TouchGFXProjects/Final_Project/Core/Src/main.c:1123:15:BH1750_SetMode	24	static
C:/TouchGFXProjects/Final_Project/Core/Src/main.c:1138:15:BH1750_TriggerManualConversion	8	static
C:/TouchGFXProjects/Final_Project/Core/Src/main.c:1145:15:BH1750_ReadLight	24	static
C:/TouchGFXProjects/Final_Project/Core/Src/main.c:1170:6:LedControl	8	static
C:/TouchGFXProjects/Final_Project/Core/Src/main.c:1179:6:FanControl	8	static
C:/TouchGFXProjects/Final_Project/Core/Src/main.c:1188:6:StartDefaultTask	16	static
C:/TouchGFXProjects/Final_Project/Core/Src/main.c:1222:6:HAL_TIM_PeriodElapsedCallback	0	static
C:/TouchGFXProjects/Final_Project/Core/Src/main.c:1238:6:Error_Handler	0	static
