C:/Users/user/STM32CubeIDE/workspace_1.16.0/STM32_LightTemp_Embedded/Core/Src/main.c:1020:13:SPI5_Write	1
C:/Users/user/STM32CubeIDE/workspace_1.16.0/STM32_LightTemp_Embedded/Core/Src/main.c:1347:6:LedControl.part.0	1
C:/Users/user/STM32CubeIDE/workspace_1.16.0/STM32_LightTemp_Embedded/Core/Src/main.c:1356:6:FanControl.part.0	1
C:/Users/user/STM32CubeIDE/workspace_1.16.0/STM32_LightTemp_Embedded/Core/Src/main.c:201:6:saveData	1
C:/Users/user/STM32CubeIDE/workspace_1.16.0/STM32_LightTemp_Embedded/Core/Src/main.c:206:6:updateData	1
C:/Users/user/STM32CubeIDE/workspace_1.16.0/STM32_LightTemp_Embedded/Core/Src/main.c:211:6:saveStructToFlash	1
C:/Users/user/STM32CubeIDE/workspace_1.16.0/STM32_LightTemp_Embedded/Core/Src/main.c:226:6:loadStructFromFlash	4
C:/Users/user/STM32CubeIDE/workspace_1.16.0/STM32_LightTemp_Embedded/Core/Src/main.c:347:6:SystemClock_Config	1
C:/Users/user/STM32CubeIDE/workspace_1.16.0/STM32_LightTemp_Embedded/Core/Src/main.c:241:5:main	1
C:/Users/user/STM32CubeIDE/workspace_1.16.0/STM32_LightTemp_Embedded/Core/Src/main.c:876:6:IOE_Init	1
C:/Users/user/STM32CubeIDE/workspace_1.16.0/STM32_LightTemp_Embedded/Core/Src/main.c:884:6:IOE_ITConfig	1
C:/Users/user/STM32CubeIDE/workspace_1.16.0/STM32_LightTemp_Embedded/Core/Src/main.c:895:6:IOE_Write	1
C:/Users/user/STM32CubeIDE/workspace_1.16.0/STM32_LightTemp_Embedded/Core/Src/main.c:905:9:IOE_Read	1
C:/Users/user/STM32CubeIDE/workspace_1.16.0/STM32_LightTemp_Embedded/Core/Src/main.c:917:10:IOE_ReadMultiple	1
C:/Users/user/STM32CubeIDE/workspace_1.16.0/STM32_LightTemp_Embedded/Core/Src/main.c:926:6:IOE_Delay	1
C:/Users/user/STM32CubeIDE/workspace_1.16.0/STM32_LightTemp_Embedded/Core/Src/main.c:1042:6:LCD_IO_Init	1
C:/Users/user/STM32CubeIDE/workspace_1.16.0/STM32_LightTemp_Embedded/Core/Src/main.c:1051:6:LCD_IO_WriteData	1
C:/Users/user/STM32CubeIDE/workspace_1.16.0/STM32_LightTemp_Embedded/Core/Src/main.c:1066:6:LCD_IO_WriteReg	1
C:/Users/user/STM32CubeIDE/workspace_1.16.0/STM32_LightTemp_Embedded/Core/Src/main.c:1084:10:LCD_IO_ReadData	1
C:/Users/user/STM32CubeIDE/workspace_1.16.0/STM32_LightTemp_Embedded/Core/Src/main.c:1110:6:LCD_Delay	1
C:/Users/user/STM32CubeIDE/workspace_1.16.0/STM32_LightTemp_Embedded/Core/Src/main.c:1125:6:Delay_us	2
C:/Users/user/STM32CubeIDE/workspace_1.16.0/STM32_LightTemp_Embedded/Core/Src/main.c:1131:6:GPIO_SetState	1
C:/Users/user/STM32CubeIDE/workspace_1.16.0/STM32_LightTemp_Embedded/Core/Src/main.c:1142:6:OneWire_Reset	1
C:/Users/user/STM32CubeIDE/workspace_1.16.0/STM32_LightTemp_Embedded/Core/Src/main.c:1151:6:OneWire_Write	3
C:/Users/user/STM32CubeIDE/workspace_1.16.0/STM32_LightTemp_Embedded/Core/Src/main.c:1171:9:OneWire_Read	3
C:/Users/user/STM32CubeIDE/workspace_1.16.0/STM32_LightTemp_Embedded/Core/Src/main.c:1192:7:ds18b20_read	3
C:/Users/user/STM32CubeIDE/workspace_1.16.0/STM32_LightTemp_Embedded/Core/Src/main.c:1242:15:BH1750_Reset	1
C:/Users/user/STM32CubeIDE/workspace_1.16.0/STM32_LightTemp_Embedded/Core/Src/main.c:1251:15:BH1750_SetMtreg	3
C:/Users/user/STM32CubeIDE/workspace_1.16.0/STM32_LightTemp_Embedded/Core/Src/main.c:1279:15:BH1750_Init	2
C:/Users/user/STM32CubeIDE/workspace_1.16.0/STM32_LightTemp_Embedded/Core/Src/main.c:1288:15:BH1750_PowerState	1
C:/Users/user/STM32CubeIDE/workspace_1.16.0/STM32_LightTemp_Embedded/Core/Src/main.c:1299:15:BH1750_SetMode	3
C:/Users/user/STM32CubeIDE/workspace_1.16.0/STM32_LightTemp_Embedded/Core/Src/main.c:1315:15:BH1750_TriggerManualConversion	1
C:/Users/user/STM32CubeIDE/workspace_1.16.0/STM32_LightTemp_Embedded/Core/Src/main.c:1322:15:BH1750_ReadLight	5
C:/Users/user/STM32CubeIDE/workspace_1.16.0/STM32_LightTemp_Embedded/Core/Src/main.c:1347:6:LedControl	2
C:/Users/user/STM32CubeIDE/workspace_1.16.0/STM32_LightTemp_Embedded/Core/Src/main.c:1356:6:FanControl	2
C:/Users/user/STM32CubeIDE/workspace_1.16.0/STM32_LightTemp_Embedded/Core/Src/main.c:1365:6:StartDefaultTask	8
C:/Users/user/STM32CubeIDE/workspace_1.16.0/STM32_LightTemp_Embedded/Core/Src/main.c:1415:6:HAL_TIM_PeriodElapsedCallback	2
C:/Users/user/STM32CubeIDE/workspace_1.16.0/STM32_LightTemp_Embedded/Core/Src/main.c:1431:6:Error_Handler	1
