C:/Users/user/STM32CubeIDE/workspace_1.16.0/STM32_LightTemp_Embedded/Core/Src/main.c:1020:13:SPI5_Write	16	static
C:/Users/user/STM32CubeIDE/workspace_1.16.0/STM32_LightTemp_Embedded/Core/Src/main.c:1347:6:LedControl.part.0	8	static
C:/Users/user/STM32CubeIDE/workspace_1.16.0/STM32_LightTemp_Embedded/Core/Src/main.c:1356:6:FanControl.part.0	8	static
C:/Users/user/STM32CubeIDE/workspace_1.16.0/STM32_LightTemp_Embedded/Core/Src/main.c:201:6:saveData	0	static
C:/Users/user/STM32CubeIDE/workspace_1.16.0/STM32_LightTemp_Embedded/Core/Src/main.c:206:6:updateData	0	static
C:/Users/user/STM32CubeIDE/workspace_1.16.0/STM32_LightTemp_Embedded/Core/Src/main.c:211:6:saveStructToFlash	16	static
C:/Users/user/STM32CubeIDE/workspace_1.16.0/STM32_LightTemp_Embedded/Core/Src/main.c:226:6:loadStructFromFlash	0	static
C:/Users/user/STM32CubeIDE/workspace_1.16.0/STM32_LightTemp_Embedded/Core/Src/main.c:347:6:SystemClock_Config	96	static
C:/Users/user/STM32CubeIDE/workspace_1.16.0/STM32_LightTemp_Embedded/Core/Src/main.c:241:5:main	120	static
C:/Users/user/STM32CubeIDE/workspace_1.16.0/STM32_LightTemp_Embedded/Core/Src/main.c:876:6:IOE_Init	0	static
C:/Users/user/STM32CubeIDE/workspace_1.16.0/STM32_LightTemp_Embedded/Core/Src/main.c:884:6:IOE_ITConfig	0	static
C:/Users/user/STM32CubeIDE/workspace_1.16.0/STM32_LightTemp_Embedded/Core/Src/main.c:895:6:IOE_Write	32	static
C:/Users/user/STM32CubeIDE/workspace_1.16.0/STM32_LightTemp_Embedded/Core/Src/main.c:905:9:IOE_Read	32	static
C:/Users/user/STM32CubeIDE/workspace_1.16.0/STM32_LightTemp_Embedded/Core/Src/main.c:917:10:IOE_ReadMultiple	24	static
C:/Users/user/STM32CubeIDE/workspace_1.16.0/STM32_LightTemp_Embedded/Core/Src/main.c:926:6:IOE_Delay	0	static
C:/Users/user/STM32CubeIDE/workspace_1.16.0/STM32_LightTemp_Embedded/Core/Src/main.c:1042:6:LCD_IO_Init	8	static
C:/Users/user/STM32CubeIDE/workspace_1.16.0/STM32_LightTemp_Embedded/Core/Src/main.c:1051:6:LCD_IO_WriteData	16	static
C:/Users/user/STM32CubeIDE/workspace_1.16.0/STM32_LightTemp_Embedded/Core/Src/main.c:1066:6:LCD_IO_WriteReg	16	static
C:/Users/user/STM32CubeIDE/workspace_1.16.0/STM32_LightTemp_Embedded/Core/Src/main.c:1084:10:LCD_IO_ReadData	32	static
C:/Users/user/STM32CubeIDE/workspace_1.16.0/STM32_LightTemp_Embedded/Core/Src/main.c:1110:6:LCD_Delay	0	static
C:/Users/user/STM32CubeIDE/workspace_1.16.0/STM32_LightTemp_Embedded/Core/Src/main.c:1125:6:Delay_us	0	static
C:/Users/user/STM32CubeIDE/workspace_1.16.0/STM32_LightTemp_Embedded/Core/Src/main.c:1131:6:GPIO_SetState	32	static
C:/Users/user/STM32CubeIDE/workspace_1.16.0/STM32_LightTemp_Embedded/Core/Src/main.c:1142:6:OneWire_Reset	8	static
C:/Users/user/STM32CubeIDE/workspace_1.16.0/STM32_LightTemp_Embedded/Core/Src/main.c:1151:6:OneWire_Write	16	static
C:/Users/user/STM32CubeIDE/workspace_1.16.0/STM32_LightTemp_Embedded/Core/Src/main.c:1171:9:OneWire_Read	16	static
C:/Users/user/STM32CubeIDE/workspace_1.16.0/STM32_LightTemp_Embedded/Core/Src/main.c:1192:7:ds18b20_read	24	static
C:/Users/user/STM32CubeIDE/workspace_1.16.0/STM32_LightTemp_Embedded/Core/Src/main.c:1242:15:BH1750_Reset	24	static
C:/Users/user/STM32CubeIDE/workspace_1.16.0/STM32_LightTemp_Embedded/Core/Src/main.c:1251:15:BH1750_SetMtreg	32	static
C:/Users/user/STM32CubeIDE/workspace_1.16.0/STM32_LightTemp_Embedded/Core/Src/main.c:1279:15:BH1750_Init	8	static
C:/Users/user/STM32CubeIDE/workspace_1.16.0/STM32_LightTemp_Embedded/Core/Src/main.c:1288:15:BH1750_PowerState	24	static
C:/Users/user/STM32CubeIDE/workspace_1.16.0/STM32_LightTemp_Embedded/Core/Src/main.c:1299:15:BH1750_SetMode	24	static
C:/Users/user/STM32CubeIDE/workspace_1.16.0/STM32_LightTemp_Embedded/Core/Src/main.c:1315:15:BH1750_TriggerManualConversion	8	static
C:/Users/user/STM32CubeIDE/workspace_1.16.0/STM32_LightTemp_Embedded/Core/Src/main.c:1322:15:BH1750_ReadLight	24	static
C:/Users/user/STM32CubeIDE/workspace_1.16.0/STM32_LightTemp_Embedded/Core/Src/main.c:1347:6:LedControl	8	static
C:/Users/user/STM32CubeIDE/workspace_1.16.0/STM32_LightTemp_Embedded/Core/Src/main.c:1356:6:FanControl	8	static
C:/Users/user/STM32CubeIDE/workspace_1.16.0/STM32_LightTemp_Embedded/Core/Src/main.c:1365:6:StartDefaultTask	32	static
C:/Users/user/STM32CubeIDE/workspace_1.16.0/STM32_LightTemp_Embedded/Core/Src/main.c:1415:6:HAL_TIM_PeriodElapsedCallback	0	static
C:/Users/user/STM32CubeIDE/workspace_1.16.0/STM32_LightTemp_Embedded/Core/Src/main.c:1431:6:Error_Handler	0	static
