../../Middlewares/ST/touchgfx/framework/include/touchgfx/Screen.hpp:104:18:virtual void touchgfx::Screen::afterTransition()	0	static
../../Middlewares/ST/touchgfx/framework/include/touchgfx/Screen.hpp:154:18:virtual void touchgfx::Screen::handleKeyEvent(uint8_t)	0	static
C:/TouchGFXProjects/Final_Project/TouchGFX/gui/src/screen3_screen/Screen3View.cpp:29:6:virtual void Screen3View::tearDownScreen()	0	static
../../TouchGFX/gui/include/gui/screen3_screen/Screen3View.hpp:11:13:Screen3View::~Screen3View()	8	static
../../TouchGFX/gui/include/gui/screen3_screen/Screen3View.hpp:11:13:virtual Screen3View::~Screen3View()	8	static
C:/TouchGFXProjects/Final_Project/TouchGFX/gui/src/screen3_screen/Screen3View.cpp:16:1:Screen3View::Screen3View()	8	static
C:/TouchGFXProjects/Final_Project/TouchGFX/gui/src/screen3_screen/Screen3View.cpp:116:1:cpp)	0	static
C:/TouchGFXProjects/Final_Project/TouchGFX/gui/src/screen3_screen/Screen3View.cpp:35:6:void Screen3View::updateLux()	8	static
C:/TouchGFXProjects/Final_Project/TouchGFX/gui/src/screen3_screen/Screen3View.cpp:40:6:virtual void Screen3View::increaseLux()	0	static
C:/TouchGFXProjects/Final_Project/TouchGFX/gui/src/screen3_screen/Screen3View.cpp:47:6:virtual void Screen3View::decreaseLux()	0	static
C:/TouchGFXProjects/Final_Project/TouchGFX/gui/src/screen3_screen/Screen3View.cpp:59:6:void Screen3View::updateTime()	16	static
C:/TouchGFXProjects/Final_Project/TouchGFX/gui/src/screen3_screen/Screen3View.cpp:64:6:void Screen3View::updateView(bool)	8	static
C:/TouchGFXProjects/Final_Project/TouchGFX/gui/src/screen3_screen/Screen3View.cpp:53:6:virtual void Screen3View::showSetting()	8	static
C:/TouchGFXProjects/Final_Project/TouchGFX/gui/src/screen3_screen/Screen3View.cpp:20:6:virtual void Screen3View::setupScreen()	16	static
C:/TouchGFXProjects/Final_Project/TouchGFX/gui/src/screen3_screen/Screen3View.cpp:74:6:virtual void Screen3View::handleTickEvent()	32	static
