../../Middlewares/ST/touchgfx/framework/include/touchgfx/Screen.hpp:104:18:virtual void touchgfx::Screen::afterTransition()	0	static
../../Middlewares/ST/touchgfx/framework/include/touchgfx/Screen.hpp:154:18:virtual void touchgfx::Screen::handleKeyEvent(uint8_t)	0	static
C:/Users/user/STM32CubeIDE/workspace_1.16.0/STM32_LightTemp_Embedded/TouchGFX/gui/src/screen2_screen/Screen2View.cpp:39:6:virtual void Screen2View::tearDownScreen()	0	static
../../TouchGFX/gui/include/gui/screen2_screen/Screen2View.hpp:11:13:Screen2View::~Screen2View()	8	static
../../TouchGFX/gui/include/gui/screen2_screen/Screen2View.hpp:11:13:virtual Screen2View::~Screen2View()	8	static
C:/Users/user/STM32CubeIDE/workspace_1.16.0/STM32_LightTemp_Embedded/TouchGFX/gui/src/screen2_screen/Screen2View.cpp:11:1:Screen2View::Screen2View()	8	static
C:/Users/user/STM32CubeIDE/workspace_1.16.0/STM32_LightTemp_Embedded/TouchGFX/gui/src/screen2_screen/Screen2View.cpp:44:6:void Screen2View::updateTemp()	8	static
C:/Users/user/STM32CubeIDE/workspace_1.16.0/STM32_LightTemp_Embedded/TouchGFX/gui/src/screen2_screen/Screen2View.cpp:51:6:virtual void Screen2View::increaseTemp()	0	static
C:/Users/user/STM32CubeIDE/workspace_1.16.0/STM32_LightTemp_Embedded/TouchGFX/gui/src/screen2_screen/Screen2View.cpp:58:6:virtual void Screen2View::decreaseTemp()	0	static
C:/Users/user/STM32CubeIDE/workspace_1.16.0/STM32_LightTemp_Embedded/TouchGFX/gui/src/screen2_screen/Screen2View.cpp:16:6:virtual void Screen2View::setupScreen()	24	static
C:/Users/user/STM32CubeIDE/workspace_1.16.0/STM32_LightTemp_Embedded/TouchGFX/gui/src/screen2_screen/Screen2View.cpp:65:6:virtual void Screen2View::handleTickEvent()	24	static
