../../TouchGFX/generated/fonts/include/fonts/ApplicationFontProvider.hpp:33:7:ApplicationFontProvider::~ApplicationFontProvider()	0	static
C:/Users/user/STM32CubeIDE/workspace_1.16.0/STM32_LightTemp_Embedded/TouchGFX/generated/fonts/src/ApplicationFontProvider.cpp:8:17:virtual touchgfx::Font* ApplicationFontProvider::getFont(touchgfx::FontId)	8	static
../../TouchGFX/generated/fonts/include/fonts/ApplicationFontProvider.hpp:33:7:virtual ApplicationFontProvider::~ApplicationFontProvider()	8	static
